[2026-01-05 15:39:48] SUCCESS: System caches
[2026-01-05 15:39:50] SUCCESS: System temp files
[2026-01-05 15:39:50] SUCCESS: System crash reports
[2026-01-05 15:39:51] SUCCESS: System logs
[2026-01-05 15:39:58] SUCCESS: System diagnostic logs
[2026-01-05 15:39:58] SUCCESS: Power logs
[2026-01-05 15:39:58] SUCCESS: Memory exception reports
[2026-01-05 15:39:58] SUCCESS: System diagnostic trace logs
[2026-01-05 15:42:16] SUCCESS: Security settings updated
[2026-01-05 16:37:45] SUCCESS: System caches
[2026-01-05 16:37:45] SUCCESS: System temp files
[2026-01-05 16:37:45] SUCCESS: System crash reports
[2026-01-05 16:37:45] SUCCESS: System logs
[2026-01-05 16:37:50] SUCCESS: System diagnostic logs
[2026-01-05 16:37:50] SUCCESS: Power logs
[2026-01-05 16:37:50] SUCCESS: Memory exception reports
[2026-01-05 16:37:50] SUCCESS: System diagnostic trace logs
[2026-01-09 17:20:20] SUCCESS: System caches
[2026-01-09 17:20:21] SUCCESS: System temp files
[2026-01-09 17:20:21] SUCCESS: System crash reports
[2026-01-09 17:20:21] SUCCESS: System logs
[2026-01-09 17:20:28] SUCCESS: System diagnostic logs
[2026-01-09 17:20:28] SUCCESS: Power logs
[2026-01-09 17:20:28] SUCCESS: Memory exception reports
[2026-01-09 17:20:28] SUCCESS: System diagnostic trace logs
[2026-01-09 18:38:35] SUCCESS: System caches
[2026-01-09 18:38:35] SUCCESS: System temp files
[2026-01-09 18:38:35] SUCCESS: System crash reports
[2026-01-09 18:38:35] SUCCESS: System logs
[2026-01-09 18:38:40] SUCCESS: System diagnostic logs
[2026-01-09 18:38:40] SUCCESS: Power logs
[2026-01-09 18:38:40] SUCCESS: Memory exception reports
[2026-01-09 18:38:40] SUCCESS: System diagnostic trace logs
[2026-01-10 15:35:41] SUCCESS: System caches
[2026-01-10 15:35:41] SUCCESS: System temp files
[2026-01-10 15:35:41] SUCCESS: System crash reports
[2026-01-10 15:35:41] SUCCESS: System logs
[2026-01-10 15:35:47] SUCCESS: System diagnostic logs
[2026-01-10 15:35:47] SUCCESS: Power logs
[2026-01-10 15:35:47] SUCCESS: Memory exception reports
[2026-01-10 15:35:47] SUCCESS: System diagnostic trace logs
[2026-01-14 18:03:16] SUCCESS: System caches
[2026-01-14 18:03:16] SUCCESS: System temp files
[2026-01-14 18:03:16] SUCCESS: System crash reports
[2026-01-14 18:03:16] SUCCESS: System logs
[2026-01-14 18:03:24] SUCCESS: System diagnostic logs
[2026-01-14 18:03:24] SUCCESS: Power logs
[2026-01-14 18:03:24] SUCCESS: Memory exception reports
[2026-01-14 18:03:24] SUCCESS: System diagnostic trace logs
[2026-01-14 18:06:21] SUCCESS: System caches
[2026-01-14 18:06:21] SUCCESS: System temp files
[2026-01-14 18:06:21] SUCCESS: System crash reports
[2026-01-14 18:06:21] SUCCESS: System logs
[2026-01-14 18:06:27] SUCCESS: System diagnostic logs
[2026-01-14 18:06:27] SUCCESS: Power logs
[2026-01-14 18:06:27] SUCCESS: Memory exception reports
[2026-01-14 18:06:27] SUCCESS: System diagnostic trace logs
[2026-01-14 21:31:25] SUCCESS: System caches
[2026-01-14 21:31:25] SUCCESS: System temp files
[2026-01-14 21:31:25] SUCCESS: System crash reports
[2026-01-14 21:31:25] SUCCESS: System logs
[2026-01-14 21:31:30] SUCCESS: System diagnostic logs
[2026-01-14 21:31:30] SUCCESS: Power logs
[2026-01-14 21:31:30] SUCCESS: Memory exception reports
[2026-01-14 21:31:30] SUCCESS: System diagnostic trace logs
[2026-01-16 17:30:00] SUCCESS: System caches
[2026-01-16 17:30:00] SUCCESS: System temp files
[2026-01-16 17:30:00] SUCCESS: System crash reports
[2026-01-16 17:30:00] SUCCESS: System logs
[2026-01-16 17:30:06] SUCCESS: System diagnostic logs
[2026-01-16 17:30:06] SUCCESS: Power logs
[2026-01-16 17:30:06] SUCCESS: Memory exception reports
[2026-01-16 17:30:06] SUCCESS: System diagnostic trace logs
